
> food-research-platform@1.0.0 dev
> vite


  [32m[1mVITE[22m v5.4.21[39m  [2mready in [0m[1m3167[22m[2m[0m ms[22m

  [32m➜[39m  [1mLocal[22m:   [36mhttp://localhost:[1m5173[22m/[39m
[2m  [32m➜[39m  [1mNetwork[22m[2m: use [22m[1m--host[22m[2m to expose[22m
[2m[32m  ➜[39m[22m[2m  press [22m[1mh + enter[22m[2m to show help[22m
[2m03:08:09[22m [36m[1m[vite][22m[39m [32m✨ new dependencies optimized: [33mclsx[32m[39m
[2m03:08:09[22m [36m[1m[vite][22m[39m [32m✨ optimized dependencies changed. reloading[39m
[2m03:23:24[22m [36m[1m[vite][22m[39m [32mhmr update [39m[2m/src/index.css, /src/pages/ProjectLayout.tsx, /src/pages/project/MissingDataPage.tsx, /src/pages/SchemaPage.tsx, /src/pages/Login.tsx, /src/pages/project/DatasetPage.tsx, /src/pages/project/AuditHistoryPage.tsx, /src/pages/project/ProjectSettingsPage.tsx, /src/pages/Upload.tsx, /src/pages/Review.tsx, /src/pages/ProjectView.tsx, /src/pages/project/NormalizationPage.tsx, /src/pages/Register.tsx, /src/pages/project/ExportPage.tsx, /src/pages/project/ExperimentsPage.tsx, /src/pages/project/TeamPage.tsx, /src/pages/project/ThresholdShelfLifePage.tsx, /src/pages/Analytics.tsx, /src/pages/project/TreatmentsPage.tsx, /src/pages/Dashboard.tsx, /src/pages/project/TrajectoriesPage.tsx, /src/pages/project/StudiesPage.tsx, /src/pages/project/ModelLabPage.tsx, /src/pages/project/ImputationsPage.tsx, /src/pages/project/ExtractionJobsPage.tsx[22m
[2m03:24:06[22m [36m[1m[vite][22m[39m [32mhmr update [39m[2m/src/pages/project/StudiesPage.tsx, /src/index.css[22m
[2m03:24:44[22m [36m[1m[vite][22m[39m [32mhmr update [39m[2m/src/pages/project/ExperimentsPage.tsx, /src/index.css[22m
[2m03:24:51[22m [36m[1m[vite][22m[39m [32mhmr update [39m[2m/src/pages/project/ExperimentsPage.tsx, /src/index.css[22m
[2m03:24:57[22m [36m[1m[vite][22m[39m [32mhmr update [39m[2m/src/pages/project/ExperimentsPage.tsx, /src/index.css[22m
[2m03:25:04[22m [36m[1m[vite][22m[39m [32mhmr update [39m[2m/src/pages/project/DatasetPage.tsx, /src/index.css[22m
[2m03:25:12[22m [36m[1m[vite][22m[39m [32mhmr update [39m[2m/src/pages/project/TeamPage.tsx, /src/index.css[22m
[2m03:25:29[22m [36m[1m[vite][22m[39m [32mhmr update [39m[2m/src/pages/project/TeamPage.tsx, /src/index.css[22m
[2m03:25:36[22m [36m[1m[vite][22m[39m [32mhmr update [39m[2m/src/pages/project/TeamPage.tsx, /src/index.css[22m
[2m03:42:52[22m [36m[1m[vite][22m[39m [32mhmr update [39m[2m/src/index.css, /src/pages/ProjectLayout.tsx, /src/pages/project/MissingDataPage.tsx, /src/pages/SchemaPage.tsx, /src/pages/Login.tsx, /src/pages/project/DatasetPage.tsx, /src/pages/project/AuditHistoryPage.tsx, /src/pages/project/ProjectSettingsPage.tsx, /src/pages/Upload.tsx, /src/pages/Review.tsx, /src/pages/ProjectView.tsx, /src/pages/project/NormalizationPage.tsx, /src/pages/Register.tsx, /src/pages/project/ExportPage.tsx, /src/pages/project/ExperimentsPage.tsx, /src/pages/project/TeamPage.tsx, /src/pages/project/ThresholdShelfLifePage.tsx, /src/pages/Analytics.tsx, /src/pages/project/TreatmentsPage.tsx, /src/pages/Dashboard.tsx, /src/pages/project/TrajectoriesPage.tsx, /src/pages/project/StudiesPage.tsx, /src/pages/project/ModelLabPage.tsx, /src/pages/project/ImputationsPage.tsx, /src/pages/project/ExtractionJobsPage.tsx[22m
[2m03:43:06[22m [36m[1m[vite][22m[39m [32mhmr update [39m[2m/src/pages/project/StudiesPage.tsx, /src/index.css[22m
[2m03:43:13[22m [36m[1m[vite][22m[39m [32mhmr update [39m[2m/src/pages/project/StudiesPage.tsx, /src/index.css[22m
[2m03:43:20[22m [36m[1m[vite][22m[39m [32mhmr update [39m[2m/src/pages/project/StudiesPage.tsx, /src/index.css[22m
[2m03:43:31[22m [36m[1m[vite][22m[39m [32mhmr update [39m[2m/src/pages/project/StudiesPage.tsx, /src/index.css[22m
[2m03:43:42[22m [36m[1m[vite][22m[39m [32mhmr update [39m[2m/src/pages/project/StudiesPage.tsx, /src/index.css[22m
[2m04:07:40[22m [36m[1m[vite][22m[39m [32mhmr update [39m[2m/src/components/ProjectSidebar.tsx, /src/index.css[22m
[2m04:15:49[22m [36m[1m[vite][22m[39m [32mhmr update [39m[2m/src/App.tsx, /src/index.css[22m
[2m04:15:54[22m [36m[1m[vite][22m[39m [32mhmr update [39m[2m/src/App.tsx, /src/index.css[22m
[2m04:33:11[22m [36m[1m[vite][22m[39m [32mhmr update [39m[2m/src/pages/project/ModelTrainingPage.tsx, /src/index.css[22m
[2m04:33:11[22m [31m[1m[vite][22m[39m [31mInternal server error: C:\Users\lenovo\Desktop\Mcgill-Canada\pipeline\frontend\src\pages\project\ModelTrainingPage.tsx: Identifier 'DatasetTab' has already been declared. (260:9)

[0m [90m 258 |[31m
 [90m 259 |[31m [90m// ─── Dataset Tab ──────────────────────────────────────────────────────────────[31m
[31m[1m>[22m[31m[90m 260 |[31m [36mfunction[31m [33mDatasetTab[31m() {
 [90m     |[31m          [31m[1m^[22m[31m
 [90m 261 |[31m   [36mconst[31m [file[33m,[31m setFile] [33m=[31m useState[33m<[31m[33mUploadedFile[31m [33m|[31m [36mnull[31m[33m>[31m([36mnull[31m)
 [90m 262 |[31m   [36mconst[31m [dragging[33m,[31m setDragging] [33m=[31m useState([36mfalse[31m)
 [90m 263 |[31m   [36mconst[31m inputRef [33m=[31m useRef[33m<[31m[33mHTMLInputElement[31m[33m>[31m([36mnull[31m)[0m[39m
  Plugin: [35mvite:react-babel[39m
  File: [36mC:/Users/lenovo/Desktop/Mcgill-Canada/pipeline/frontend/src/pages/project/ModelTrainingPage.tsx[39m:260:9
[33m  258|  
  259|  // ─── Dataset Tab ──────────────────────────────────────────────────────────────
  260|  function DatasetTab() {
     |           ^
  261|    const [file, setFile] = useState<UploadedFile | null>(null)
  262|    const [dragging, setDragging] = useState(false)[39m
      at constructor (C:\Users\lenovo\Desktop\Mcgill-Canada\pipeline\frontend\node_modules\@babel\parser\lib\index.js:365:19)
      at TypeScriptParserMixin.raise (C:\Users\lenovo\Desktop\Mcgill-Canada\pipeline\frontend\node_modules\@babel\parser\lib\index.js:6616:19)
      at TypeScriptScopeHandler.checkRedeclarationInScope (C:\Users\lenovo\Desktop\Mcgill-Canada\pipeline\frontend\node_modules\@babel\parser\lib\index.js:1619:19)
      at TypeScriptScopeHandler.declareName (C:\Users\lenovo\Desktop\Mcgill-Canada\pipeline\frontend\node_modules\@babel\parser\lib\index.js:1585:12)
      at TypeScriptScopeHandler.declareName (C:\Users\lenovo\Desktop\Mcgill-Canada\pipeline\frontend\node_modules\@babel\parser\lib\index.js:4892:11)
      at TypeScriptParserMixin.registerFunctionStatementId (C:\Users\lenovo\Desktop\Mcgill-Canada\pipeline\frontend\node_modules\@babel\parser\lib\index.js:13483:16)
      at TypeScriptParserMixin.registerFunctionStatementId (C:\Users\lenovo\Desktop\Mcgill-Canada\pipeline\frontend\node_modules\@babel\parser\lib\index.js:9195:13)
      at TypeScriptParserMixin.parseFunction (C:\Users\lenovo\Desktop\Mcgill-Canada\pipeline\frontend\node_modules\@babel\parser\lib\index.js:13467:12)
      at TypeScriptParserMixin.parseFunctionStatement (C:\Users\lenovo\Desktop\Mcgill-Canada\pipeline\frontend\node_modules\@babel\parser\lib\index.js:13142:17)
      at TypeScriptParserMixin.parseStatementContent (C:\Users\lenovo\Desktop\Mcgill-Canada\pipeline\frontend\node_modules\@babel\parser\lib\index.js:12808:21)
      at TypeScriptParserMixin.parseStatementContent (C:\Users\lenovo\Desktop\Mcgill-Canada\pipeline\frontend\node_modules\@babel\parser\lib\index.js:9525:18)
      at TypeScriptParserMixin.parseStatementLike (C:\Users\lenovo\Desktop\Mcgill-Canada\pipeline\frontend\node_modules\@babel\parser\lib\index.js:12784:17)
      at TypeScriptParserMixin.parseModuleItem (C:\Users\lenovo\Desktop\Mcgill-Canada\pipeline\frontend\node_modules\@babel\parser\lib\index.js:12761:17)
      at TypeScriptParserMixin.parseBlockOrModuleBlockBody (C:\Users\lenovo\Desktop\Mcgill-Canada\pipeline\frontend\node_modules\@babel\parser\lib\index.js:13333:36)
      at TypeScriptParserMixin.parseBlockBody (C:\Users\lenovo\Desktop\Mcgill-Canada\pipeline\frontend\node_modules\@babel\parser\lib\index.js:13326:10)
      at TypeScriptParserMixin.parseProgram (C:\Users\lenovo\Desktop\Mcgill-Canada\pipeline\frontend\node_modules\@babel\parser\lib\index.js:12639:10)
      at TypeScriptParserMixin.parseTopLevel (C:\Users\lenovo\Desktop\Mcgill-Canada\pipeline\frontend\node_modules\@babel\parser\lib\index.js:12629:25)
      at TypeScriptParserMixin.parse (C:\Users\lenovo\Desktop\Mcgill-Canada\pipeline\frontend\node_modules\@babel\parser\lib\index.js:14505:25)
      at TypeScriptParserMixin.parse (C:\Users\lenovo\Desktop\Mcgill-Canada\pipeline\frontend\node_modules\@babel\parser\lib\index.js:10143:18)
      at parse (C:\Users\lenovo\Desktop\Mcgill-Canada\pipeline\frontend\node_modules\@babel\parser\lib\index.js:14539:38)
      at parser (C:\Users\lenovo\Desktop\Mcgill-Canada\pipeline\frontend\node_modules\@babel\core\lib\parser\index.js:41:34)
      at parser.next (<anonymous>)
      at normalizeFile (C:\Users\lenovo\Desktop\Mcgill-Canada\pipeline\frontend\node_modules\@babel\core\lib\transformation\normalize-file.js:51:37)
      at normalizeFile.next (<anonymous>)
      at run (C:\Users\lenovo\Desktop\Mcgill-Canada\pipeline\frontend\node_modules\@babel\core\lib\transformation\index.js:22:50)
      at run.next (<anonymous>)
      at transform (C:\Users\lenovo\Desktop\Mcgill-Canada\pipeline\frontend\node_modules\@babel\core\lib\transform.js:22:33)
      at transform.next (<anonymous>)
      at step (C:\Users\lenovo\Desktop\Mcgill-Canada\pipeline\frontend\node_modules\gensync\index.js:261:32)
      at C:\Users\lenovo\Desktop\Mcgill-Canada\pipeline\frontend\node_modules\gensync\index.js:273:13
      at async.call.result.err.err (C:\Users\lenovo\Desktop\Mcgill-Canada\pipeline\frontend\node_modules\gensync\index.js:223:11)
      at C:\Users\lenovo\Desktop\Mcgill-Canada\pipeline\frontend\node_modules\gensync\index.js:189:28
      at C:\Users\lenovo\Desktop\Mcgill-Canada\pipeline\frontend\node_modules\@babel\core\lib\gensync-utils\async.js:67:7
      at C:\Users\lenovo\Desktop\Mcgill-Canada\pipeline\frontend\node_modules\gensync\index.js:113:33
      at step (C:\Users\lenovo\Desktop\Mcgill-Canada\pipeline\frontend\node_modules\gensync\index.js:287:14)
      at C:\Users\lenovo\Desktop\Mcgill-Canada\pipeline\frontend\node_modules\gensync\index.js:273:13
      at async.call.result.err.err (C:\Users\lenovo\Desktop\Mcgill-Canada\pipeline\frontend\node_modules\gensync\index.js:223:11)
[2m04:33:42[22m [36m[1m[vite][22m[39m [32mhmr update [39m[2m/src/pages/project/ModelTrainingPage.tsx, /src/index.css[22m
[2m04:33:42[22m [31m[1m[vite][22m[39m [31mInternal server error: C:\Users\lenovo\Desktop\Mcgill-Canada\pipeline\frontend\src\pages\project\ModelTrainingPage.tsx: Identifier 'DatasetTab' has already been declared. (260:9)

[0m [90m 258 |[31m
 [90m 259 |[31m [90m// ─── Dataset Tab ──────────────────────────────────────────────────────────────[31m
[31m[1m>[22m[31m[90m 260 |[31m [36mfunction[31m [33mDatasetTab[31m() {
 [90m     |[31m          [31m[1m^[22m[31m
 [90m 261 |[31m   [36mconst[31m [file[33m,[31m setFile] [33m=[31m useState[33m<[31m[33mUploadedFile[31m [33m|[31m [36mnull[31m[33m>[31m([36mnull[31m)
 [90m 262 |[31m   [36mconst[31m [dragging[33m,[31m setDragging] [33m=[31m useState([36mfalse[31m)
 [90m 263 |[31m   [36mconst[31m inputRef [33m=[31m useRef[33m<[31m[33mHTMLInputElement[31m[33m>[31m([36mnull[31m)[0m[39m
  Plugin: [35mvite:react-babel[39m
  File: [36mC:/Users/lenovo/Desktop/Mcgill-Canada/pipeline/frontend/src/pages/project/ModelTrainingPage.tsx[39m:260:9
[33m  258|  
  259|  // ─── Dataset Tab ──────────────────────────────────────────────────────────────
  260|  function DatasetTab() {
     |           ^
  261|    const [file, setFile] = useState<UploadedFile | null>(null)
  262|    const [dragging, setDragging] = useState(false)[39m
      at constructor (C:\Users\lenovo\Desktop\Mcgill-Canada\pipeline\frontend\node_modules\@babel\parser\lib\index.js:365:19)
      at TypeScriptParserMixin.raise (C:\Users\lenovo\Desktop\Mcgill-Canada\pipeline\frontend\node_modules\@babel\parser\lib\index.js:6616:19)
      at TypeScriptScopeHandler.checkRedeclarationInScope (C:\Users\lenovo\Desktop\Mcgill-Canada\pipeline\frontend\node_modules\@babel\parser\lib\index.js:1619:19)
      at TypeScriptScopeHandler.declareName (C:\Users\lenovo\Desktop\Mcgill-Canada\pipeline\frontend\node_modules\@babel\parser\lib\index.js:1585:12)
      at TypeScriptScopeHandler.declareName (C:\Users\lenovo\Desktop\Mcgill-Canada\pipeline\frontend\node_modules\@babel\parser\lib\index.js:4892:11)
      at TypeScriptParserMixin.registerFunctionStatementId (C:\Users\lenovo\Desktop\Mcgill-Canada\pipeline\frontend\node_modules\@babel\parser\lib\index.js:13483:16)
      at TypeScriptParserMixin.registerFunctionStatementId (C:\Users\lenovo\Desktop\Mcgill-Canada\pipeline\frontend\node_modules\@babel\parser\lib\index.js:9195:13)
      at TypeScriptParserMixin.parseFunction (C:\Users\lenovo\Desktop\Mcgill-Canada\pipeline\frontend\node_modules\@babel\parser\lib\index.js:13467:12)
      at TypeScriptParserMixin.parseFunctionStatement (C:\Users\lenovo\Desktop\Mcgill-Canada\pipeline\frontend\node_modules\@babel\parser\lib\index.js:13142:17)
      at TypeScriptParserMixin.parseStatementContent (C:\Users\lenovo\Desktop\Mcgill-Canada\pipeline\frontend\node_modules\@babel\parser\lib\index.js:12808:21)
      at TypeScriptParserMixin.parseStatementContent (C:\Users\lenovo\Desktop\Mcgill-Canada\pipeline\frontend\node_modules\@babel\parser\lib\index.js:9525:18)
      at TypeScriptParserMixin.parseStatementLike (C:\Users\lenovo\Desktop\Mcgill-Canada\pipeline\frontend\node_modules\@babel\parser\lib\index.js:12784:17)
      at TypeScriptParserMixin.parseModuleItem (C:\Users\lenovo\Desktop\Mcgill-Canada\pipeline\frontend\node_modules\@babel\parser\lib\index.js:12761:17)
      at TypeScriptParserMixin.parseBlockOrModuleBlockBody (C:\Users\lenovo\Desktop\Mcgill-Canada\pipeline\frontend\node_modules\@babel\parser\lib\index.js:13333:36)
      at TypeScriptParserMixin.parseBlockBody (C:\Users\lenovo\Desktop\Mcgill-Canada\pipeline\frontend\node_modules\@babel\parser\lib\index.js:13326:10)
      at TypeScriptParserMixin.parseProgram (C:\Users\lenovo\Desktop\Mcgill-Canada\pipeline\frontend\node_modules\@babel\parser\lib\index.js:12639:10)
      at TypeScriptParserMixin.parseTopLevel (C:\Users\lenovo\Desktop\Mcgill-Canada\pipeline\frontend\node_modules\@babel\parser\lib\index.js:12629:25)
      at TypeScriptParserMixin.parse (C:\Users\lenovo\Desktop\Mcgill-Canada\pipeline\frontend\node_modules\@babel\parser\lib\index.js:14505:25)
      at TypeScriptParserMixin.parse (C:\Users\lenovo\Desktop\Mcgill-Canada\pipeline\frontend\node_modules\@babel\parser\lib\index.js:10143:18)
      at parse (C:\Users\lenovo\Desktop\Mcgill-Canada\pipeline\frontend\node_modules\@babel\parser\lib\index.js:14539:38)
      at parser (C:\Users\lenovo\Desktop\Mcgill-Canada\pipeline\frontend\node_modules\@babel\core\lib\parser\index.js:41:34)
      at parser.next (<anonymous>)
      at normalizeFile (C:\Users\lenovo\Desktop\Mcgill-Canada\pipeline\frontend\node_modules\@babel\core\lib\transformation\normalize-file.js:51:37)
      at normalizeFile.next (<anonymous>)
      at run (C:\Users\lenovo\Desktop\Mcgill-Canada\pipeline\frontend\node_modules\@babel\core\lib\transformation\index.js:22:50)
      at run.next (<anonymous>)
      at transform (C:\Users\lenovo\Desktop\Mcgill-Canada\pipeline\frontend\node_modules\@babel\core\lib\transform.js:22:33)
      at transform.next (<anonymous>)
      at step (C:\Users\lenovo\Desktop\Mcgill-Canada\pipeline\frontend\node_modules\gensync\index.js:261:32)
      at C:\Users\lenovo\Desktop\Mcgill-Canada\pipeline\frontend\node_modules\gensync\index.js:273:13
      at async.call.result.err.err (C:\Users\lenovo\Desktop\Mcgill-Canada\pipeline\frontend\node_modules\gensync\index.js:223:11)
      at C:\Users\lenovo\Desktop\Mcgill-Canada\pipeline\frontend\node_modules\gensync\index.js:189:28
      at C:\Users\lenovo\Desktop\Mcgill-Canada\pipeline\frontend\node_modules\@babel\core\lib\gensync-utils\async.js:67:7
      at C:\Users\lenovo\Desktop\Mcgill-Canada\pipeline\frontend\node_modules\gensync\index.js:113:33
      at step (C:\Users\lenovo\Desktop\Mcgill-Canada\pipeline\frontend\node_modules\gensync\index.js:287:14)
      at C:\Users\lenovo\Desktop\Mcgill-Canada\pipeline\frontend\node_modules\gensync\index.js:273:13
      at async.call.result.err.err (C:\Users\lenovo\Desktop\Mcgill-Canada\pipeline\frontend\node_modules\gensync\index.js:223:11)
[2m04:33:59[22m [36m[1m[vite][22m[39m [32mhmr update [39m[2m/src/pages/project/ModelTrainingPage.tsx, /src/index.css[22m
[2m04:33:59[22m [31m[1m[vite][22m[39m [31mInternal server error: C:\Users\lenovo\Desktop\Mcgill-Canada\pipeline\frontend\src\pages\project\ModelTrainingPage.tsx: Identifier 'DatasetTab' has already been declared. (253:9)

[0m [90m 251 |[31m
 [90m 252 |[31m [90m// ─── Dataset Tab ──────────────────────────────────────────────────────────────[31m
[31m[1m>[22m[31m[90m 253 |[31m [36mfunction[31m [33mDatasetTab[31m() {
 [90m     |[31m          [31m[1m^[22m[31m
 [90m 254 |[31m   [36mconst[31m [file[33m,[31m setFile] [33m=[31m useState[33m<[31m[33mUploadedFile[31m [33m|[31m [36mnull[31m[33m>[31m([36mnull[31m)
 [90m 255 |[31m   [36mconst[31m [dragging[33m,[31m setDragging] [33m=[31m useState([36mfalse[31m)
 [90m 256 |[31m   [36mconst[31m inputRef [33m=[31m useRef[33m<[31m[33mHTMLInputElement[31m[33m>[31m([36mnull[31m)[0m[39m
  Plugin: [35mvite:react-babel[39m
  File: [36mC:/Users/lenovo/Desktop/Mcgill-Canada/pipeline/frontend/src/pages/project/ModelTrainingPage.tsx[39m:253:9
[33m  251|  
  252|  // ─── Dataset Tab ──────────────────────────────────────────────────────────────
  253|  function DatasetTab() {
     |           ^
  254|    const [file, setFile] = useState<UploadedFile | null>(null)
  255|    const [dragging, setDragging] = useState(false)[39m
      at constructor (C:\Users\lenovo\Desktop\Mcgill-Canada\pipeline\frontend\node_modules\@babel\parser\lib\index.js:365:19)
      at TypeScriptParserMixin.raise (C:\Users\lenovo\Desktop\Mcgill-Canada\pipeline\frontend\node_modules\@babel\parser\lib\index.js:6616:19)
      at TypeScriptScopeHandler.checkRedeclarationInScope (C:\Users\lenovo\Desktop\Mcgill-Canada\pipeline\frontend\node_modules\@babel\parser\lib\index.js:1619:19)
      at TypeScriptScopeHandler.declareName (C:\Users\lenovo\Desktop\Mcgill-Canada\pipeline\frontend\node_modules\@babel\parser\lib\index.js:1585:12)
      at TypeScriptScopeHandler.declareName (C:\Users\lenovo\Desktop\Mcgill-Canada\pipeline\frontend\node_modules\@babel\parser\lib\index.js:4892:11)
      at TypeScriptParserMixin.registerFunctionStatementId (C:\Users\lenovo\Desktop\Mcgill-Canada\pipeline\frontend\node_modules\@babel\parser\lib\index.js:13483:16)
      at TypeScriptParserMixin.registerFunctionStatementId (C:\Users\lenovo\Desktop\Mcgill-Canada\pipeline\frontend\node_modules\@babel\parser\lib\index.js:9195:13)
      at TypeScriptParserMixin.parseFunction (C:\Users\lenovo\Desktop\Mcgill-Canada\pipeline\frontend\node_modules\@babel\parser\lib\index.js:13467:12)
      at TypeScriptParserMixin.parseFunctionStatement (C:\Users\lenovo\Desktop\Mcgill-Canada\pipeline\frontend\node_modules\@babel\parser\lib\index.js:13142:17)
      at TypeScriptParserMixin.parseStatementContent (C:\Users\lenovo\Desktop\Mcgill-Canada\pipeline\frontend\node_modules\@babel\parser\lib\index.js:12808:21)
      at TypeScriptParserMixin.parseStatementContent (C:\Users\lenovo\Desktop\Mcgill-Canada\pipeline\frontend\node_modules\@babel\parser\lib\index.js:9525:18)
      at TypeScriptParserMixin.parseStatementLike (C:\Users\lenovo\Desktop\Mcgill-Canada\pipeline\frontend\node_modules\@babel\parser\lib\index.js:12784:17)
      at TypeScriptParserMixin.parseModuleItem (C:\Users\lenovo\Desktop\Mcgill-Canada\pipeline\frontend\node_modules\@babel\parser\lib\index.js:12761:17)
      at TypeScriptParserMixin.parseBlockOrModuleBlockBody (C:\Users\lenovo\Desktop\Mcgill-Canada\pipeline\frontend\node_modules\@babel\parser\lib\index.js:13333:36)
      at TypeScriptParserMixin.parseBlockBody (C:\Users\lenovo\Desktop\Mcgill-Canada\pipeline\frontend\node_modules\@babel\parser\lib\index.js:13326:10)
      at TypeScriptParserMixin.parseProgram (C:\Users\lenovo\Desktop\Mcgill-Canada\pipeline\frontend\node_modules\@babel\parser\lib\index.js:12639:10)
      at TypeScriptParserMixin.parseTopLevel (C:\Users\lenovo\Desktop\Mcgill-Canada\pipeline\frontend\node_modules\@babel\parser\lib\index.js:12629:25)
      at TypeScriptParserMixin.parse (C:\Users\lenovo\Desktop\Mcgill-Canada\pipeline\frontend\node_modules\@babel\parser\lib\index.js:14505:25)
      at TypeScriptParserMixin.parse (C:\Users\lenovo\Desktop\Mcgill-Canada\pipeline\frontend\node_modules\@babel\parser\lib\index.js:10143:18)
      at parse (C:\Users\lenovo\Desktop\Mcgill-Canada\pipeline\frontend\node_modules\@babel\parser\lib\index.js:14539:38)
      at parser (C:\Users\lenovo\Desktop\Mcgill-Canada\pipeline\frontend\node_modules\@babel\core\lib\parser\index.js:41:34)
      at parser.next (<anonymous>)
      at normalizeFile (C:\Users\lenovo\Desktop\Mcgill-Canada\pipeline\frontend\node_modules\@babel\core\lib\transformation\normalize-file.js:51:37)
      at normalizeFile.next (<anonymous>)
      at run (C:\Users\lenovo\Desktop\Mcgill-Canada\pipeline\frontend\node_modules\@babel\core\lib\transformation\index.js:22:50)
      at run.next (<anonymous>)
      at transform (C:\Users\lenovo\Desktop\Mcgill-Canada\pipeline\frontend\node_modules\@babel\core\lib\transform.js:22:33)
      at transform.next (<anonymous>)
      at step (C:\Users\lenovo\Desktop\Mcgill-Canada\pipeline\frontend\node_modules\gensync\index.js:261:32)
      at C:\Users\lenovo\Desktop\Mcgill-Canada\pipeline\frontend\node_modules\gensync\index.js:273:13
      at async.call.result.err.err (C:\Users\lenovo\Desktop\Mcgill-Canada\pipeline\frontend\node_modules\gensync\index.js:223:11)
      at C:\Users\lenovo\Desktop\Mcgill-Canada\pipeline\frontend\node_modules\gensync\index.js:189:28
      at C:\Users\lenovo\Desktop\Mcgill-Canada\pipeline\frontend\node_modules\@babel\core\lib\gensync-utils\async.js:67:7
      at C:\Users\lenovo\Desktop\Mcgill-Canada\pipeline\frontend\node_modules\gensync\index.js:113:33
      at step (C:\Users\lenovo\Desktop\Mcgill-Canada\pipeline\frontend\node_modules\gensync\index.js:287:14)
      at C:\Users\lenovo\Desktop\Mcgill-Canada\pipeline\frontend\node_modules\gensync\index.js:273:13
      at async.call.result.err.err (C:\Users\lenovo\Desktop\Mcgill-Canada\pipeline\frontend\node_modules\gensync\index.js:223:11)
[2m04:34:33[22m [36m[1m[vite][22m[39m [32mhmr update [39m[2m/src/pages/project/ModelTrainingPage.tsx, /src/index.css[22m
[2m04:34:53[22m [36m[1m[vite][22m[39m [32mhmr update [39m[2m/src/pages/project/ModelTrainingPage.tsx, /src/index.css[22m
[2m04:34:54[22m [36m[1m[vite][22m[39m [32m✨ new dependencies optimized: [33mxlsx[32m[39m
[2m04:34:54[22m [36m[1m[vite][22m[39m [32m✨ optimized dependencies changed. reloading[39m
[2m04:36:35[22m [36m[1m[vite][22m[39m [32mhmr update [39m[2m/src/components/DatasetTab.tsx, /src/index.css[22m
[2m04:36:42[22m [36m[1m[vite][22m[39m [32mhmr update [39m[2m/src/components/DatasetTab.tsx, /src/index.css[22m
[2m05:11:22[22m [36m[1m[vite][22m[39m [32mhmr update [39m[2m/src/index.css, /src/components/DatasetTab.tsx[22m
[2m05:17:24[22m [36m[1m[vite][22m[39m [32mhmr update [39m[2m/src/components/DatasetTab.tsx, /src/index.css[22m
[2m05:20:35[22m [36m[1m[vite][22m[39m [32mhmr update [39m[2m/src/pages/project/ModelTrainingPage.tsx, /src/index.css[22m
[2m05:21:58[22m [36m[1m[vite][22m[39m [32mhmr update [39m[2m/src/components/DatasetTab.tsx, /src/index.css[22m
[2m05:22:05[22m [36m[1m[vite][22m[39m [32mhmr update [39m[2m/src/components/DatasetTab.tsx, /src/index.css[22m
[2m05:22:31[22m [36m[1m[vite][22m[39m [32mhmr update [39m[2m/src/components/DatasetTab.tsx, /src/index.css[22m
[2m12:39:03[22m [36m[1m[vite][22m[39m [32mhmr update [39m[2m/src/index.css, /src/pages/project/ModelTrainingPage.tsx[22m
[2m12:39:09[22m [36m[1m[vite][22m[39m [32mhmr update [39m[2m/src/index.css, /src/pages/project/ModelTrainingPage.tsx[22m
[2m12:39:14[22m [36m[1m[vite][22m[39m [32mhmr update [39m[2m/src/index.css, /src/pages/project/ModelTrainingPage.tsx[22m
[2m12:39:19[22m [36m[1m[vite][22m[39m [32mhmr update [39m[2m/src/index.css, /src/pages/project/ModelTrainingPage.tsx[22m
[2m12:44:57[22m [36m[1m[vite][22m[39m [32mhmr update [39m[2m/src/pages/project/ModelTrainingPage.tsx, /src/index.css[22m
