
> frontend@0.1.0 dev
> next dev

▲ Next.js 16.3.0 (Turbopack)
- Local:         http://localhost:3000
- Network:       http://169.254.239.243:3000
✓ Ready in 1829ms
✓ Running next.config.ts took 220ms

 GET /signup 200 in 1923ms (next.js: 854ms, proxy.ts: 9ms, application-code: 1060ms)
 GET /app 200 in 1229ms (next.js: 210ms, proxy.ts: 23ms, application-code: 995ms)
 GET /app 200 in 1520ms (next.js: 121ms, proxy.ts: 68ms, application-code: 1332ms)
 GET /app/prediction 200 in 677ms (next.js: 196ms, proxy.ts: 15ms, application-code: 466ms)
 GET /app/prediction 200 in 327ms (next.js: 24ms, proxy.ts: 13ms, application-code: 291ms)
 GET /signup 200 in 264ms (next.js: 55ms, proxy.ts: 8ms, application-code: 200ms)
 GET /app 200 in 621ms (next.js: 43ms, proxy.ts: 13ms, application-code: 565ms)
 GET /app 200 in 810ms (next.js: 47ms, proxy.ts: 45ms, application-code: 718ms)
 GET /app/prediction 200 in 314ms (next.js: 36ms, proxy.ts: 12ms, application-code: 266ms)
 GET /app/prediction 200 in 262ms (next.js: 25ms, proxy.ts: 9ms, application-code: 228ms)
 GET /signup 200 in 169ms (next.js: 18ms, proxy.ts: 7ms, application-code: 144ms)
 GET /app 200 in 744ms (next.js: 16ms, proxy.ts: 8ms, application-code: 721ms)
 GET /app 200 in 648ms (next.js: 28ms, proxy.ts: 32ms, application-code: 588ms)
 GET /app/prediction 200 in 380ms (next.js: 87ms, proxy.ts: 25ms, application-code: 268ms)
 GET /signup 200 in 167ms (next.js: 15ms, proxy.ts: 6ms, application-code: 146ms)
 GET /app 200 in 642ms (next.js: 22ms, proxy.ts: 13ms, application-code: 607ms)
 GET /app 200 in 557ms (next.js: 46ms, proxy.ts: 15ms, application-code: 495ms)
 GET /app/prediction 200 in 252ms (next.js: 47ms, proxy.ts: 13ms, application-code: 192ms)
 GET / 200 in 961ms (next.js: 241ms, application-code: 720ms)
 GET / 200 in 531ms (next.js: 47ms, application-code: 485ms)
 GET /app 307 in 56ms (proxy.ts: 16ms)
 GET /app 200 in 1295ms (next.js: 43ms, proxy.ts: 13ms, application-code: 1238ms)
 GET /app/prediction 200 in 363ms (next.js: 48ms, proxy.ts: 10ms, application-code: 304ms)
 GET /app/prediction 200 in 349ms (next.js: 53ms, proxy.ts: 28ms, application-code: 268ms)
 GET / 200 in 967ms (next.js: 379ms, application-code: 587ms)
 GET /app 307 in 213ms (proxy.ts: 12ms)
 GET /app 200 in 1305ms (next.js: 44ms, proxy.ts: 14ms, application-code: 1246ms)
○ Compiling /app/modeling ...
 GET /app/synthetic 200 in 2.3s (next.js: 998ms, proxy.ts: 21ms, application-code: 1277ms)
 GET /app/modeling 200 in 13.4s (next.js: 11.3s, proxy.ts: 10ms, application-code: 2.1s)
 GET /app/modeling 200 in 1800ms (next.js: 463ms, proxy.ts: 64ms, application-code: 1273ms)
 GET /app/modeling 200 in 924ms (next.js: 386ms, proxy.ts: 46ms, application-code: 492ms)
 GET /app 200 in 1727ms (next.js: 176ms, proxy.ts: 34ms, application-code: 1517ms)
 GET /app 200 in 1103ms (next.js: 108ms, proxy.ts: 19ms, application-code: 977ms)
 GET /login?next=%2Fapp 200 in 896ms (next.js: 704ms, proxy.ts: 19ms, application-code: 173ms)
 GET /login?next=%2Fapp 200 in 83ms (next.js: 15ms, proxy.ts: 6ms, application-code: 62ms)
 GET / 200 in 968ms (next.js: 614ms, application-code: 354ms)
 GET /app 200 in 2.2s (next.js: 96ms, proxy.ts: 52ms, application-code: 2.0s)
 GET /app 200 in 2.2s (next.js: 252ms, proxy.ts: 53ms, application-code: 1852ms)
 GET /app/classification 200 in 2.2s (next.js: 987ms, proxy.ts: 37ms, application-code: 1188ms)
 GET /app/classification 200 in 1356ms (next.js: 113ms, proxy.ts: 44ms, application-code: 1198ms)
 GET /app/prediction 200 in 508ms (next.js: 75ms, proxy.ts: 14ms, application-code: 419ms)
 GET /app/results 200 in 925ms (next.js: 717ms, proxy.ts: 13ms, application-code: 195ms)
 GET /app/prediction 200 in 372ms (next.js: 78ms, proxy.ts: 27ms, application-code: 267ms)
 GET / 200 in 285ms (next.js: 21ms, application-code: 264ms)
○ Compiling /app/ingredients ...
 GET /app/ingredients 200 in 5.3s (next.js: 4.8s, proxy.ts: 23ms, application-code: 541ms)
✓ Finished filesystem cache database compaction in 12.8s
 GET /app/prediction 200 in 610ms (next.js: 334ms, proxy.ts: 27ms, application-code: 249ms)
 GET /app/results 200 in 537ms (next.js: 338ms, proxy.ts: 37ms, application-code: 162ms)
 GET /app/prediction 200 in 356ms (next.js: 90ms, proxy.ts: 31ms, application-code: 235ms)
✓ Compiled in 523ms
 GET /app/prediction 200 in 1139ms (next.js: 510ms, proxy.ts: 60ms, application-code: 568ms)
 GET /app/prediction 200 in 1153ms (next.js: 323ms, proxy.ts: 42ms, application-code: 788ms)
✓ Compiled in 516ms
 GET /app/prediction 200 in 123ms (next.js: 35ms, proxy.ts: 8ms, application-code: 81ms)
✓ Compiled in 406ms
 GET /app/prediction 200 in 128ms (next.js: 29ms, proxy.ts: 8ms, application-code: 91ms)
✓ Compiled in 578ms
 GET /app/prediction 200 in 141ms (next.js: 50ms, proxy.ts: 15ms, application-code: 76ms)
✓ Compiled in 423ms
 GET /app/prediction 200 in 118ms (next.js: 37ms, proxy.ts: 7ms, application-code: 74ms)
✓ Compiled in 203ms
 GET /app/prediction 200 in 124ms (next.js: 43ms, proxy.ts: 8ms, application-code: 73ms)
✓ Compiled in 187ms
 GET /app/prediction 200 in 131ms (next.js: 33ms, proxy.ts: 7ms, application-code: 91ms)
✓ Compiled in 187ms
 GET /app/prediction 200 in 150ms (next.js: 72ms, proxy.ts: 12ms, application-code: 67ms)
 GET / 200 in 401ms (next.js: 86ms, application-code: 315ms)
[?25h
