=== Shelf-Life Regression — Training (training_data) ===

[1/7] Loading workbook + building leakage-safe splits + detecting schema ...
  total rows=35650  (0 real_paper_derived, 35650 synthetic)
  train=24955  validation=5350  test=5345  (split by context_id, seed=42)
    train: 0 real rows
    validation: 0 real rows
    test: 0 real rows
  numeric=14  categorical=11  binary=3

[2/7] Fitting shared preprocessing for Random Forest / LightGBM / XGBoost ...
  expanded feature count: 283

[3/7] Random Forest ...
  val R2=0.930  test R2=0.916  (76.6s)
  computing Random Forest learning curve ...

[4/7] LightGBM (early stopping on validation) ...
  val R2=0.939  test R2=0.923  best_iter=582  (5.2s)

[5/7] XGBoost (early stopping on validation) ...
  val R2=0.937  test R2=0.925  best_iter=630  (7.1s)

[6/7] Explainable Boosting Machine ...
  computing EBM learning curve ...
  val R2=0.916  test R2=0.906  (176.3s)

[7/7] LSTM (experimental tabular benchmark) ...
  SKIPPED: SKIP_LSTM=1 set

Saving artifacts ...

Models trained: ['random_forest', 'lightgbm', 'xgboost', 'ebm']
Best model (by validation RMSE): lightgbm
Total duration: 1273.9s
Artifacts saved under: C:\Users\lenovo\Desktop\Mcgill-Canada\cheese-shelf-life-modeling\artifacts

=== Training complete. ===
