=== Shelf-Life Regression — Training (training_data) ===

[1/7] Loading workbook + building leakage-safe splits + detecting schema ...
  total rows=41285  (0 real_paper_derived, 41285 synthetic)
  train=28900  validation=6195  test=6190  (split by context_id, seed=42)
    train: 0 real rows
    validation: 0 real rows
    test: 0 real rows
  numeric=14  categorical=13  binary=3

[2/7] Fitting shared preprocessing for Random Forest / LightGBM / XGBoost ...
  expanded feature count: 298

[3/7] Random Forest ...
  val R2=0.931  test R2=0.915  (46.1s)
  computing Random Forest learning curve ...

[4/7] LightGBM (early stopping on validation) ...
  val R2=0.953  test R2=0.943  best_iter=1574  (5.2s)

[5/7] XGBoost (early stopping on validation) ...
  val R2=0.948  test R2=0.939  best_iter=1081  (13.4s)

[6/7] Explainable Boosting Machine ...
  computing EBM learning curve ...
  val R2=0.912  test R2=0.911  (118.3s)

[7/7] LSTM (experimental tabular benchmark) ...
  SKIPPED: SKIP_LSTM=1 set

Saving artifacts ...

Models trained: ['random_forest', 'lightgbm', 'xgboost', 'ebm']
Best model (by validation RMSE): lightgbm
Total duration: 1297.7s
Artifacts saved under: C:\Users\lenovo\Desktop\Mcgill-Canada\cheese-shelf-life-modeling\artifacts

=== Training complete. ===
